✔ no polygon units never inspect canonical country geometry (1.6578ms)
✖ general children with the same root preserve both owners and use the short dashed boundary style (2.9368ms)
✖ a one-sided general perimeter inside its root uses the same short dashed style (1.6185ms)
✔ valid cross-root general edges are left to the country boundary renderer (0.602ms)
✖ independent regional styling needs no country association and missing parents fail visibly (0.505ms)
✔ country exteriors are not duplicated by territorial boundary segments (0.3434ms)
✖ exchange targets own canonical domain and fallback metadata (1.6781ms)
✔ one registry dispatches import and export handlers by canonical target (1.9332ms)
ℹ tests 8
ℹ suites 0
ℹ pass 4
ℹ fail 4
ℹ cancelled 0
ℹ skipped 0
ℹ todo 0
ℹ duration_ms 129.5419

✖ failing tests:

test at tests\unit\empty-territorial-boundary.test.mjs:24:1
✖ general children with the same root preserve both owners and use the short dashed boundary style (2.9368ms)
  AssertionError [ERR_ASSERTION]: Expected values to be strictly equal:
  + actual - expected
  
  + 'subunit'
  - 'subunit-internal'
            ^
  
      at TestContext.<anonymous> (file:///C:/Users/taeeu/OneDrive/%EB%AC%B8%EC%84%9C/GitHub/map%20editor/tests/unit/empty-territorial-boundary.test.mjs:30:10)
      at Test.runInAsyncScope (node:async_hooks:227:14)
      at Test.run (node:internal/test_runner/test:1402:25)
      at Test.processPendingSubtests (node:internal/test_runner/test:974:18)
      at Test.postRun (node:internal/test_runner/test:1542:19)
      at Test.run (node:internal/test_runner/test:1467:12)
      at async startSubtestAfterBootstrap (node:internal/test_runner/harness:387:3) {
    generatedMessage: true,
    code: 'ERR_ASSERTION',
    actual: 'subunit',
    expected: 'subunit-internal',
    operator: 'strictEqual',
    diff: 'simple'
  }

test at tests\unit\empty-territorial-boundary.test.mjs:37:1
✖ a one-sided general perimeter inside its root uses the same short dashed style (1.6185ms)
  AssertionError [ERR_ASSERTION]: Expected values to be strictly equal:
  + actual - expected
  
  + 'subunit'
  - 'subunit-internal'
            ^
  
      at TestContext.<anonymous> (file:///C:/Users/taeeu/OneDrive/%EB%AC%B8%EC%84%9C/GitHub/map%20editor/tests/unit/empty-territorial-boundary.test.mjs:42:10)
      at Test.runInAsyncScope (node:async_hooks:227:14)
      at Test.run (node:internal/test_runner/test:1402:25)
      at Test.processPendingSubtests (node:internal/test_runner/test:974:18)
      at Test.postRun (node:internal/test_runner/test:1542:19)
      at Test.run (node:internal/test_runner/test:1467:12)
      at async Test.processPendingSubtests (node:internal/test_runner/test:974:7) {
    generatedMessage: true,
    code: 'ERR_ASSERTION',
    actual: 'subunit',
    expected: 'subunit-internal',
    operator: 'strictEqual',
    diff: 'simple'
  }

test at tests\unit\empty-territorial-boundary.test.mjs:54:1
✖ independent regional styling needs no country association and missing parents fail visibly (0.505ms)
  AssertionError [ERR_ASSERTION]: Expected values to be strictly equal:
  + actual - expected
  
  + 'subunit'
  - 'region'
  
      at TestContext.<anonymous> (file:///C:/Users/taeeu/OneDrive/%EB%AC%B8%EC%84%9C/GitHub/map%20editor/tests/unit/empty-territorial-boundary.test.mjs:60:10)
      at Test.runInAsyncScope (node:async_hooks:227:14)
      at Test.run (node:internal/test_runner/test:1402:25)
      at Test.processPendingSubtests (node:internal/test_runner/test:974:18)
      at Test.postRun (node:internal/test_runner/test:1542:19)
      at Test.run (node:internal/test_runner/test:1467:12)
      at async Test.processPendingSubtests (node:internal/test_runner/test:974:7) {
    generatedMessage: true,
    code: 'ERR_ASSERTION',
    actual: 'subunit',
    expected: 'region',
    operator: 'strictEqual',
    diff: 'simple'
  }

test at tests\unit\exchange-adapter-registry.test.mjs:12:1
✖ exchange targets own canonical domain and fallback metadata (1.6781ms)
  AssertionError [ERR_ASSERTION]: Expected values to be strictly equal:
  
  'country' !== ''
  
      at TestContext.<anonymous> (file:///C:/Users/taeeu/OneDrive/%EB%AC%B8%EC%84%9C/GitHub/map%20editor/tests/unit/exchange-adapter-registry.test.mjs:17:106)
      at Test.runInAsyncScope (node:async_hooks:227:14)
      at Test.run (node:internal/test_runner/test:1402:25)
      at Test.start (node:internal/test_runner/test:1262:17)
      at startSubtestAfterBootstrap (node:internal/test_runner/harness:387:17) {
    generatedMessage: true,
    code: 'ERR_ASSERTION',
    actual: 'country',
    expected: '',
    operator: 'strictEqual',
    diff: 'simple'
  }
