✔ annex adapter converts the common selection into the existing worker contract (3.5965ms)
✔ new-country adapter reuses the session id across preview recalculations (1.2046ms)
✔ accumulated territory geometry remains a frozen non-interactive render candidate (0.3726ms)
✔ archived and current territory pieces retain distinct presentation keys (0.281ms)
✔ annex review uses the validated transferred geometry even when union differences contain only part of it (3.4409ms)
✔ annex preview rejects reversed transferred rings instead of displaying their globe complement (0.2703ms)
✔ preview unions and differences retain canonical outer and hole winding (5.9415ms)
✔ worker geometry preview resolves affected entities through the supplied resolver (2.6994ms)
✔ local geometry preview runs only the supplied post-apply invalidation (0.964ms)
✔ the application connector sends current repository entities to the audit Worker and accepts its result (5.8158ms)
✔ entry stays below 400 nonempty lines and owns only versioned composition/startup (1.8004ms)
✔ all owners construct without DOM access, connect once, and expose every referenced port (161.5856ms)
✔ object editing consumes the shared territory component UI through application ports (0.6831ms)
✔ canonical replacement retains one live store and updates dependent ID reads (3.7536ms)
✔ identical in-flight entry requests share the promise and getters never prepare topology (4.5423ms)
✔ cancel terminates a pending worker and a late result cannot reopen editing (0.4416ms)
✔ changing targets replaces the pending request and discards the old response (0.4495ms)
✔ geometry, lock, and project changes reject late results with a retryable state (1.8545ms)
✔ worker failure keeps the tool open and retry does not run a main-thread fallback (0.452ms)
✔ neighbor selection and editing reuse one preparation, preserving external triple junctions (10.6075ms)
✔ virtual shared points materialize the correct vertex and leave original geometry untouched (2.1479ms)
✔ old and new contacts invalidate cache, while unrelated geometry and display properties do not (2.3382ms)
✔ subunit boundaries keep the parent exterior fixed and reject foreign parents (2.0522ms)
✔ lock changes invalidate a prepared move (0.8573ms)
✔ islands, holes and original dateline-side references survive coast preparation (1.0855ms)
✔ dateline queries split without losing a long segment crossing the viewport (0.2278ms)
✔ display queries precede projection and include crossing edges and finer zoom vertices (1.2019ms)
✔ UI-only render packets share frozen prepared shapes and display indexes (1.1495ms)
✔ automatic subunit entry restricts targets to the seed-connected unlocked group (1.1963ms)
✔ interrupted source synchronization cannot keep an obsolete preparation (2.7663ms)
✔ fresh worker preparation namespaces cannot accept a previous worker move (1.0401ms)
✔ four island merges are disjoint, input-preserving, idempotent and preserve all other geometries (531.149ms)
✔ special flags are local SVGs; explicit removal and buffer-zone exception remain (5.377ms)
✔ canonical-source flag coverage includes 239 mapped codes and two special flags (3.2971ms)
✔ every mapped country uses its original-ratio or legacy 4x3 bundled SVG (478.3974ms)
✔ representative and exceptional country IDs resolve to the intended flags (4.123ms)
✔ effective flags honor project overrides, the built-in default, and explicit-none precedence (0.6043ms)
✔ shared toolbar is visible even for an empty draft and enforces completion and deletion readiness (1.0805ms)
✔ all four territory operations use the same candidate-review toolbar contract (0.2685ms)
✔ territory review hides drawing tools even when the prepared result remains available (0.1544ms)
✔ stored territory areas can return to review but an unfinished path cannot be completed (0.1744ms)
✔ hydro keeps its multi-path review while territorial work never uses multiDraft (0.1939ms)
✔ completion awaits the drawing operation, rejects duplicate clicks and never applies a preview (3.5254ms)
✔ indexed adjacency keeps the original collinearity precision and raw date-line semantics (2.6589ms)
✔ display preparation reuses unchanged groups and discards removed boundaries (4.3854ms)
✔ history shares immutable versions but never live editing arrays (0.8804ms)
✔ indexed segments retain date-line and long crossing edges, and reuse the same index (0.5503ms)
✔ worker cut assessment and split share the exact validated cut and preserve source coordinates (15.2228ms)
✔ Turkey cut candidates remain usable by territory selection preparation (338.2542ms)
✖ project replacement rejects unmarked vectors and preserves current common fields (3.5688ms)
✔ GIS geometry validator scopes IDs and resolves worker responses (2.6275ms)
✔ country merge planner replaces matching IDs without mutating inputs (0.7606ms)
✔ imported-wins authoritatively replaces the same country instead of unioning its old geometry (3.9138ms)
✔ territory replacement deletes every country fully covered by one historical country (0.4518ms)
✔ territory replacement preserves the remainders of several partially covered countries (0.4246ms)
✔ historical replacement commits full country deletion and transfers dependent territories atomically (3.2439ms)
✔ import service returns a current immutable entity plan without a retired country merge (0.9646ms)
✔ GIS imports ignore feature metadata while project packages preserve separate assets and source history (0.4435ms)
✔ country transfer and library children validate together and commit one reversible snapshot (5.7728ms)
✔ child validation failure restores countries, children and source; does not record history (1.1296ms)
✔ cancelled or stale request cannot commit after async country validation (0.4749ms)
✔ timed out geometry calculation terminates its worker and retries from current project data (11.8991ms)
✔ map edit worker client rebases, executes and commits with one revision stream (1.2434ms)
✔ map edit worker client relies on postMessage structured cloning for scoped patches (0.5107ms)
✔ map edit worker client reuses one rebased worker for consecutive operations (2.1362ms)
✔ boundary requests reuse synchronized sources and send only geometry, hierarchy, or lock deltas (1.8347ms)
✖ label visibility stays independent: names=true, flags=true, places=true (9.4205ms)
✖ label visibility stays independent: names=true, flags=true, places=false (4.1493ms)
✖ label visibility stays independent: names=true, flags=false, places=true (2.5538ms)
✖ label visibility stays independent: names=true, flags=false, places=false (2.6836ms)
✖ label visibility stays independent: names=false, flags=true, places=true (3.7171ms)
✖ label visibility stays independent: names=false, flags=true, places=false (3.1641ms)
✔ label visibility stays independent: names=false, flags=false, places=true (11.8152ms)
✔ label visibility stays independent: names=false, flags=false, places=false (3.4612ms)
✖ flag-only layout uses flag dimensions without reserving invisible name space (5ms)
✖ flag-only markers keep zoom and per-object visibility rules (5.2331ms)
✖ all symbol switches schedule a fresh label layout without redrawing country geometry (9.4213ms)
✖ territorial symbols are independent for countries (2.391ms)
✖ territorial symbols are independent for subunits (2.1814ms)
✖ territorial symbols are independent for regions (3.4997ms)
✔ river and lake display info uses only the object kind without built-in source text (4.4359ms)
✖ per-object visibility keeps every layer master and selection intact (1.556ms)
✔ built-in river and lake visibility uses existing stable hidden IDs, not source switches (0.6523ms)
✔ mixed selection and no-op/replacement guards use the same command (0.5992ms)
✔ canonical object lookup resolves builtin labels in the existing domain with readonly capabilities (1.3475ms)
✔ copy creates an independent user label via canonical history and autosave without mutating builtin source (1.2563ms)
✔ label-only undo does not republish persistently dirty country geometry; actual geometry undo still does (4.4618ms)
✔ country date metadata survives delta save and restores on undo even with unchanged canonical geometry (4.3694ms)
✔ label history restores only changed user-label settings and leaves unrelated presentation alone (0.9755ms)
✔ export choices use unique current categories and UI has no merged duplicate labels (1.9743ms)
✔ child-only GeoJSON export writes one layer and omits administrative fields (15.9722ms)
✔ territory selection has no repeated role cards or targets in its selection stage (2.0345ms)
✔ annex setup role cards keep every donating country in the current order (0.4231ms)
✔ merge presents the survivor separately and derives exact removable targets without mutation (0.2967ms)
✔ subunit boundary uses logical unit identities and does not invent a target-picking phase (0.2941ms)
✔ free distribution stays a single immediate-apply step while hydro derives review from existing parts (0.2356ms)
✔ analyzed disconnected boundaries remain blocking feedback, unlike missing targets (0.404ms)
✔ ordinary missing targets remain accessible but are not visual feedback (0.1468ms)
✔ river partition progress, failures and excluded donors retain one feedback slot (0.2481ms)
✔ blocking preview and boundary failure remain visible even when missing targets or an enabled retry exist (0.3159ms)
✔ setup hides a preserved territory preview error without changing its validation (0.4028ms)
ℹ tests 101
ℹ suites 0
ℹ pass 87
ℹ fail 14
ℹ cancelled 0
ℹ skipped 0
ℹ todo 0
ℹ duration_ms 1134.5796

✖ failing tests:

test at tests\unit\import-service.test.mjs:28:1
✖ project replacement rejects unmarked vectors and preserves current common fields (3.5688ms)
  TypeError: Cannot read properties of undefined (reading 'geometry')
      at TestContext.<anonymous> (file:///C:/Users/taeeu/OneDrive/%EB%AC%B8%EC%84%9C/GitHub/map%20editor/tests/unit/import-service.test.mjs:55:46)
      at async Test.run (node:internal/test_runner/test:1409:7)
      at async startSubtestAfterBootstrap (node:internal/test_runner/harness:387:3)

test at tests\unit\map-label-visibility.test.mjs:64:3
✖ label visibility stays independent: names=true, flags=true, places=true (9.4205ms)
  TypeError: Cannot read properties of undefined (reading 'displayFeature')
      at Object.visibleLabelLayout (file:///C:/Users/taeeu/OneDrive/%EB%AC%B8%EC%84%9C/GitHub/map%20editor/assets/js/modules/app-territorial-labels.js:206:73)
      at TestContext.<anonymous> (file:///C:/Users/taeeu/OneDrive/%EB%AC%B8%EC%84%9C/GitHub/map%20editor/tests/unit/map-label-visibility.test.mjs:66:31)
      at Test.runInAsyncScope (node:async_hooks:227:14)
      at Test.run (node:internal/test_runner/test:1402:25)
      at Test.start (node:internal/test_runner/test:1262:17)
      at startSubtestAfterBootstrap (node:internal/test_runner/harness:387:17)

test at tests\unit\map-label-visibility.test.mjs:64:3
✖ label visibility stays independent: names=true, flags=true, places=false (4.1493ms)
  TypeError: Cannot read properties of undefined (reading 'displayFeature')
      at Object.visibleLabelLayout (file:///C:/Users/taeeu/OneDrive/%EB%AC%B8%EC%84%9C/GitHub/map%20editor/assets/js/modules/app-territorial-labels.js:206:73)
      at TestContext.<anonymous> (file:///C:/Users/taeeu/OneDrive/%EB%AC%B8%EC%84%9C/GitHub/map%20editor/tests/unit/map-label-visibility.test.mjs:66:31)
      at Test.runInAsyncScope (node:async_hooks:227:14)
      at Test.run (node:internal/test_runner/test:1402:25)
      at Test.processPendingSubtests (node:internal/test_runner/test:974:18)
      at Test.postRun (node:internal/test_runner/test:1542:19)
      at Test.run (node:internal/test_runner/test:1467:12)
      at async startSubtestAfterBootstrap (node:internal/test_runner/harness:387:3)

test at tests\unit\map-label-visibility.test.mjs:64:3
✖ label visibility stays independent: names=true, flags=false, places=true (2.5538ms)
  TypeError: Cannot read properties of undefined (reading 'displayFeature')
      at Object.visibleLabelLayout (file:///C:/Users/taeeu/OneDrive/%EB%AC%B8%EC%84%9C/GitHub/map%20editor/assets/js/modules/app-territorial-labels.js:206:73)
      at TestContext.<anonymous> (file:///C:/Users/taeeu/OneDrive/%EB%AC%B8%EC%84%9C/GitHub/map%20editor/tests/unit/map-label-visibility.test.mjs:66:31)
      at Test.runInAsyncScope (node:async_hooks:227:14)
      at Test.run (node:internal/test_runner/test:1402:25)
      at Test.processPendingSubtests (node:internal/test_runner/test:974:18)
      at Test.postRun (node:internal/test_runner/test:1542:19)
      at Test.run (node:internal/test_runner/test:1467:12)
      at async Test.processPendingSubtests (node:internal/test_runner/test:974:7)

test at tests\unit\map-label-visibility.test.mjs:64:3
✖ label visibility stays independent: names=true, flags=false, places=false (2.6836ms)
  TypeError: Cannot read properties of undefined (reading 'displayFeature')
      at Object.visibleLabelLayout (file:///C:/Users/taeeu/OneDrive/%EB%AC%B8%EC%84%9C/GitHub/map%20editor/assets/js/modules/app-territorial-labels.js:206:73)
      at TestContext.<anonymous> (file:///C:/Users/taeeu/OneDrive/%EB%AC%B8%EC%84%9C/GitHub/map%20editor/tests/unit/map-label-visibility.test.mjs:66:31)
      at Test.runInAsyncScope (node:async_hooks:227:14)
      at Test.run (node:internal/test_runner/test:1402:25)
      at Test.processPendingSubtests (node:internal/test_runner/test:974:18)
      at Test.postRun (node:internal/test_runner/test:1542:19)
      at Test.run (node:internal/test_runner/test:1467:12)
      at async Test.processPendingSubtests (node:internal/test_runner/test:974:7)

test at tests\unit\map-label-visibility.test.mjs:64:3
✖ label visibility stays independent: names=false, flags=true, places=true (3.7171ms)
  TypeError: Cannot read properties of undefined (reading 'displayFeature')
      at Object.visibleLabelLayout (file:///C:/Users/taeeu/OneDrive/%EB%AC%B8%EC%84%9C/GitHub/map%20editor/assets/js/modules/app-territorial-labels.js:206:73)
      at TestContext.<anonymous> (file:///C:/Users/taeeu/OneDrive/%EB%AC%B8%EC%84%9C/GitHub/map%20editor/tests/unit/map-label-visibility.test.mjs:66:31)
      at Test.runInAsyncScope (node:async_hooks:227:14)
      at Test.run (node:internal/test_runner/test:1402:25)
      at Test.processPendingSubtests (node:internal/test_runner/test:974:18)
      at Test.postRun (node:internal/test_runner/test:1542:19)
      at Test.run (node:internal/test_runner/test:1467:12)
      at async Test.processPendingSubtests (node:internal/test_runner/test:974:7)

test at tests\unit\map-label-visibility.test.mjs:64:3
✖ label visibility stays independent: names=false, flags=true, places=false (3.1641ms)
  TypeError: Cannot read properties of undefined (reading 'displayFeature')
      at Object.visibleLabelLayout (file:///C:/Users/taeeu/OneDrive/%EB%AC%B8%EC%84%9C/GitHub/map%20editor/assets/js/modules/app-territorial-labels.js:206:73)
      at TestContext.<anonymous> (file:///C:/Users/taeeu/OneDrive/%EB%AC%B8%EC%84%9C/GitHub/map%20editor/tests/unit/map-label-visibility.test.mjs:66:31)
      at Test.runInAsyncScope (node:async_hooks:227:14)
      at Test.run (node:internal/test_runner/test:1402:25)
      at Test.processPendingSubtests (node:internal/test_runner/test:974:18)
      at Test.postRun (node:internal/test_runner/test:1542:19)
      at Test.run (node:internal/test_runner/test:1467:12)
      at async Test.processPendingSubtests (node:internal/test_runner/test:974:7)

test at tests\unit\map-label-visibility.test.mjs:73:1
✖ flag-only layout uses flag dimensions without reserving invisible name space (5ms)
  TypeError: Cannot read properties of undefined (reading 'displayFeature')
      at Object.visibleLabelLayout (file:///C:/Users/taeeu/OneDrive/%EB%AC%B8%EC%84%9C/GitHub/map%20editor/assets/js/modules/app-territorial-labels.js:206:73)
      at TestContext.<anonymous> (file:///C:/Users/taeeu/OneDrive/%EB%AC%B8%EC%84%9C/GitHub/map%20editor/tests/unit/map-label-visibility.test.mjs:76:35)
      at Test.runInAsyncScope (node:async_hooks:227:14)
      at Test.run (node:internal/test_runner/test:1402:25)
      at Test.processPendingSubtests (node:internal/test_runner/test:974:18)
      at Test.postRun (node:internal/test_runner/test:1542:19)
      at Test.run (node:internal/test_runner/test:1467:12)
      at async Test.processPendingSubtests (node:internal/test_runner/test:974:7)

test at tests\unit\map-label-visibility.test.mjs:79:1
✖ flag-only markers keep zoom and per-object visibility rules (5.2331ms)
  TypeError: Cannot read properties of undefined (reading 'displayFeature')
      at Object.visibleLabelLayout (file:///C:/Users/taeeu/OneDrive/%EB%AC%B8%EC%84%9C/GitHub/map%20editor/assets/js/modules/app-territorial-labels.js:206:73)
      at TestContext.<anonymous> (file:///C:/Users/taeeu/OneDrive/%EB%AC%B8%EC%84%9C/GitHub/map%20editor/tests/unit/map-label-visibility.test.mjs:85:31)
      at Test.runInAsyncScope (node:async_hooks:227:14)
      at Test.run (node:internal/test_runner/test:1402:25)
      at Test.processPendingSubtests (node:internal/test_runner/test:974:18)
      at Test.postRun (node:internal/test_runner/test:1542:19)
      at Test.run (node:internal/test_runner/test:1467:12)
      at async Test.processPendingSubtests (node:internal/test_runner/test:974:7)

test at tests\unit\map-label-visibility.test.mjs:88:1
✖ all symbol switches schedule a fresh label layout without redrawing country geometry (9.4213ms)
  TypeError: Cannot read properties of undefined (reading 'displayFeature')
      at Object.visibleLabelLayout (file:///C:/Users/taeeu/OneDrive/%EB%AC%B8%EC%84%9C/GitHub/map%20editor/assets/js/modules/app-territorial-labels.js:206:73)
      at labelLayout (file:///C:/Users/taeeu/OneDrive/%EB%AC%B8%EC%84%9C/GitHub/map%20editor/tests/unit/map-label-visibility.test.mjs:102:65)
      at renderPass (file:///C:/Users/taeeu/OneDrive/%EB%AC%B8%EC%84%9C/GitHub/map%20editor/assets/js/modules/rendering-domain.js:1249:12)
      at labelLayout (file:///C:/Users/taeeu/OneDrive/%EB%AC%B8%EC%84%9C/GitHub/map%20editor/assets/js/modules/rendering-domain.js:2150:33)
      at callRenderer (file:///C:/Users/taeeu/OneDrive/%EB%AC%B8%EC%84%9C/GitHub/map%20editor/assets/js/modules/map-render-coordinator.js:137:19)
      at render (file:///C:/Users/taeeu/OneDrive/%EB%AC%B8%EC%84%9C/GitHub/map%20editor/assets/js/modules/map-render-coordinator.js:257:29)
      at file:///C:/Users/taeeu/OneDrive/%EB%AC%B8%EC%84%9C/GitHub/map%20editor/assets/js/modules/map-render-coordinator.js:329:7
      at TestContext.<anonymous> (file:///C:/Users/taeeu/OneDrive/%EB%AC%B8%EC%84%9C/GitHub/map%20editor/tests/unit/map-label-visibility.test.mjs:116:17)
      at Test.runInAsyncScope (node:async_hooks:227:14)
      at Test.run (node:internal/test_runner/test:1402:25)

test at tests\unit\map-label-visibility.test.mjs:142:3
✖ territorial symbols are independent for countries (2.391ms)
  TypeError: Cannot read properties of undefined (reading 'displayFeature')
      at Object.visibleLabelLayout (file:///C:/Users/taeeu/OneDrive/%EB%AC%B8%EC%84%9C/GitHub/map%20editor/assets/js/modules/app-territorial-labels.js:206:73)
      at TestContext.<anonymous> (file:///C:/Users/taeeu/OneDrive/%EB%AC%B8%EC%84%9C/GitHub/map%20editor/tests/unit/map-label-visibility.test.mjs:149:29)
      at Test.runInAsyncScope (node:async_hooks:227:14)
      at Test.run (node:internal/test_runner/test:1402:25)
      at Test.processPendingSubtests (node:internal/test_runner/test:974:18)
      at Test.postRun (node:internal/test_runner/test:1542:19)
      at Test.run (node:internal/test_runner/test:1467:12)
      at async Test.processPendingSubtests (node:internal/test_runner/test:974:7)

test at tests\unit\map-label-visibility.test.mjs:142:3
✖ territorial symbols are independent for subunits (2.1814ms)
  TypeError: Cannot read properties of undefined (reading 'displayFeature')
      at Object.visibleLabelLayout (file:///C:/Users/taeeu/OneDrive/%EB%AC%B8%EC%84%9C/GitHub/map%20editor/assets/js/modules/app-territorial-labels.js:206:73)
      at TestContext.<anonymous> (file:///C:/Users/taeeu/OneDrive/%EB%AC%B8%EC%84%9C/GitHub/map%20editor/tests/unit/map-label-visibility.test.mjs:149:29)
      at Test.runInAsyncScope (node:async_hooks:227:14)
      at Test.run (node:internal/test_runner/test:1402:25)
      at Test.processPendingSubtests (node:internal/test_runner/test:974:18)
      at Test.postRun (node:internal/test_runner/test:1542:19)
      at Test.run (node:internal/test_runner/test:1467:12)
      at async Test.processPendingSubtests (node:internal/test_runner/test:974:7)

test at tests\unit\map-label-visibility.test.mjs:142:3
✖ territorial symbols are independent for regions (3.4997ms)
  TypeError: Cannot read properties of undefined (reading 'displayFeature')
      at Object.visibleLabelLayout (file:///C:/Users/taeeu/OneDrive/%EB%AC%B8%EC%84%9C/GitHub/map%20editor/assets/js/modules/app-territorial-labels.js:206:73)
      at TestContext.<anonymous> (file:///C:/Users/taeeu/OneDrive/%EB%AC%B8%EC%84%9C/GitHub/map%20editor/tests/unit/map-label-visibility.test.mjs:149:29)
      at Test.runInAsyncScope (node:async_hooks:227:14)
      at Test.run (node:internal/test_runner/test:1402:25)
      at Test.processPendingSubtests (node:internal/test_runner/test:974:18)
      at Test.postRun (node:internal/test_runner/test:1542:19)
      at Test.run (node:internal/test_runner/test:1467:12)
      at async Test.processPendingSubtests (node:internal/test_runner/test:974:7)

test at tests\unit\object-visibility-command.test.mjs:58:1
✖ per-object visibility keeps every layer master and selection intact (1.556ms)
  TypeError: Cannot read properties of undefined (reading 'a')
      at TestContext.<anonymous> (file:///C:/Users/taeeu/OneDrive/%EB%AC%B8%EC%84%9C/GitHub/map%20editor/tests/unit/object-visibility-command.test.mjs:68:46)
      at Test.runInAsyncScope (node:async_hooks:227:14)
      at Test.run (node:internal/test_runner/test:1402:25)
      at Test.processPendingSubtests (node:internal/test_runner/test:974:18)
      at Test.postRun (node:internal/test_runner/test:1542:19)
      at Test.run (node:internal/test_runner/test:1467:12)
      at async startSubtestAfterBootstrap (node:internal/test_runner/harness:387:3)
