✖ current GIS uses one entity import contract for general parents and independent regions (2.7442ms)
✖ invalid imported parent aborts the entire current batch before history or storage changes (0.7386ms)
ℹ tests 2
ℹ suites 0
ℹ pass 0
ℹ fail 2
ℹ cancelled 0
ℹ skipped 0
ℹ todo 0
ℹ duration_ms 127.8608

✖ failing tests:

test at tests\unit\territorial-gis-current.test.mjs:28:1
✖ current GIS uses one entity import contract for general parents and independent regions (2.7442ms)
  AssertionError [ERR_ASSERTION]: Expected values to be strictly equal:
  + actual - expected
  
  + 'undefined'
  - 'function'
  
      at TestContext.<anonymous> (file:///C:/Users/taeeu/OneDrive/%EB%AC%B8%EC%84%9C/GitHub/map%20editor/tests/unit/territorial-gis-current.test.mjs:30:10)
      at Test.runInAsyncScope (node:async_hooks:227:14)
      at Test.run (node:internal/test_runner/test:1402:25)
      at Test.start (node:internal/test_runner/test:1262:17)
      at startSubtestAfterBootstrap (node:internal/test_runner/harness:387:17) {
    generatedMessage: true,
    code: 'ERR_ASSERTION',
    actual: 'undefined',
    expected: 'function',
    operator: 'strictEqual',
    diff: 'simple'
  }

test at tests\unit\territorial-gis-current.test.mjs:44:1
✖ invalid imported parent aborts the entire current batch before history or storage changes (0.7386ms)
  TypeError: h.committer.commitTerritorialImport is not a function
      at file:///C:/Users/taeeu/OneDrive/%EB%AC%B8%EC%84%9C/GitHub/map%20editor/tests/unit/territorial-gis-current.test.mjs:47:42
      at waitForActual (node:assert:632:21)
      at strict.rejects (node:assert:769:31)
      at TestContext.<anonymous> (file:///C:/Users/taeeu/OneDrive/%EB%AC%B8%EC%84%9C/GitHub/map%20editor/tests/unit/territorial-gis-current.test.mjs:47:16)
      at Test.runInAsyncScope (node:async_hooks:227:14)
      at Test.run (node:internal/test_runner/test:1402:25)
      at Test.processPendingSubtests (node:internal/test_runner/test:974:18)
      at Test.postRun (node:internal/test_runner/test:1542:19)
      at Test.run (node:internal/test_runner/test:1467:12)
      at async startSubtestAfterBootstrap (node:internal/test_runner/harness:387:3)
